TAP version 13
# Subtest: dashboard bootstrap shows login and masks protected panels without session
ok 1 - dashboard bootstrap shows login and masks protected panels without session
  ---
  duration_ms: 347.8775
  ...
# Subtest: dashboard login flow authenticates and renders user context from live public assets
ok 2 - dashboard login flow authenticates and renders user context from live public assets
  ---
  duration_ms: 169.9991
  ...
# Subtest: dashboard logout returns UI to protected-empty state and reopens login
ok 3 - dashboard logout returns UI to protected-empty state and reopens login
  ---
  duration_ms: 109.2646
  ...
# Subtest: navigating to drivers loads data and updates the active section using served assets
ok 4 - navigating to drivers loads data and updates the active section using served assets
  ---
  duration_ms: 359.8671
  ...
# Subtest: reopening a resolved incident into in-progress requires confirmation and refreshes asset detail
ok 5 - reopening a resolved incident into in-progress requires confirmation and refreshes asset detail
  ---
  duration_ms: 120.5819
  ...
# Subtest: reopening a resolved incident removes the resolution panel immediately
ok 6 - reopening a resolved incident removes the resolution panel immediately
  ---
  duration_ms: 136.55
  ...
# Subtest: stale SSE errors do not close the latest realtime connection
ok 7 - stale SSE errors do not close the latest realtime connection
  ---
  duration_ms: 4126.9263
  ...
# [SSE] Connection established
# Subtest: force reconnect within the min gap does not downgrade an active SSE connection
ok 8 - force reconnect within the min gap does not downgrade an active SSE connection
  ---
  duration_ms: 1216.6799
  ...
# Subtest: scan qr modal opens from header overflow and keeps manual fallback visible
ok 9 - scan qr modal opens from header overflow and keeps manual fallback visible
  ---
  duration_ms: 95.3355
  ...
# Subtest: manual qr resolution opens incident context for installations
ok 10 - manual qr resolution opens incident context for installations
  ---
  duration_ms: 357.1453
  ...
# Subtest: clicking a record row opens its incidents view
ok 11 - clicking a record row opens its incidents view
  ---
  duration_ms: 343.0046
  ...
# Subtest: opening incidents without a selected record shows a contextual landing state
ok 12 - opening incidents without a selected record shows a contextual landing state
  ---
  duration_ms: 358.5842
  ...
# Subtest: manual qr resolution opens asset detail when lookup resolves an asset
ok 13 - manual qr resolution opens asset detail when lookup resolves an asset
  ---
  duration_ms: 311.0392
  ...
# Subtest: photo modal navigates between multiple evidence photos without closing
ok 14 - photo modal navigates between multiple evidence photos without closing
  ---
  duration_ms: 78.5722
  ...
# Subtest: camera scan falls back to jsQR when BarcodeDetector is unavailable
ok 15 - camera scan falls back to jsQR when BarcodeDetector is unavailable
  ---
  duration_ms: 312.2153
  ...
# Subtest: manual record creation updates the installations view without forcing a blocking reload
ok 16 - manual record creation updates the installations view without forcing a blocking reload
  ---
  duration_ms: 373.6852
  ...
# Subtest: incident creation keeps the modal flow responsive without forcing an installations reload
ok 17 - incident creation keeps the modal flow responsive without forcing an installations reload
  ---
  duration_ms: 100.9176
  ...
# Subtest: manual record submission stores denied geolocation status without blocking the flow
ok 18 - manual record submission stores denied geolocation status without blocking the flow
  ---
  duration_ms: 102.159
  ...
# Subtest: manual record submission preserves timeout geolocation status
ok 19 - manual record submission preserves timeout geolocation status
  ---
  duration_ms: 125.6083
  ...
# Subtest: manual record submission preserves unavailable geolocation status
ok 20 - manual record submission preserves unavailable geolocation status
  ---
  duration_ms: 92.7251
  ...
# Subtest: manual record submission marks geolocation as unsupported when navigator API is unavailable
ok 21 - manual record submission marks geolocation as unsupported when navigator API is unavailable
  ---
  duration_ms: 109.2633
  ...
# Subtest: submitting while geolocation capture is still pending sends a pending snapshot note
ok 22 - submitting while geolocation capture is still pending sends a pending snapshot note
  ---
  duration_ms: 93.5878
  ...
# Subtest: asset incident creation includes geolocation payload
ok 23 - asset incident creation includes geolocation payload
  ---
  duration_ms: 139.5724
  ...
# Subtest: incident photo upload accepts multiple files and limits each batch to five
ok 24 - incident photo upload accepts multiple files and limits each batch to five
  ---
  duration_ms: 127.121
  ...
# Subtest: incident photo upload rejects batches over 20MB before sending requests
ok 25 - incident photo upload rejects batches over 20MB before sending requests
  ---
  duration_ms: 109.973
  ...
# Subtest: paused incidents show paused runtime and offer resume action
ok 26 - paused incidents show paused runtime and offer resume action
  ---
  duration_ms: 68.4643
  ...
# Subtest: status updates apply pause state immediately in the visible card
ok 27 - status updates apply pause state immediately in the visible card
  ---
  duration_ms: 117.0849
  ...
# Subtest: status updates mark the card as updating while the request is in flight
ok 28 - status updates mark the card as updating while the request is in flight
  ---
  duration_ms: 106.7884
  ...
# Subtest: resuming an incident keeps the accumulated runtime in the live counter
ok 29 - resuming an incident keeps the accumulated runtime in the live counter
  ---
  duration_ms: 1228.1062
  ...
# Subtest: incident cards avoid repeating low-priority metadata already shown in chips and panels
ok 30 - incident cards avoid repeating low-priority metadata already shown in chips and panels
  ---
  duration_ms: 71.6223
  ...
# Subtest: qr preview builds payload and image url for installation codes
ok 31 - qr preview builds payload and image url for installation codes
  ---
  duration_ms: 156.6371
  ...
